Using pre-set license
Built from '2022.3/staging' branch; Version is '2022.3.62f1 (4af31df58517) revision 4911901'; Using compiler version '192829333'; Build Type 'Release'
OS: 'Windows 11  (10.0.22631) 64bit Core' Language: 'it' Physical Memory: 14261 MB
BatchMode: 1, IsHumanControllingUs: 0, StartBugReporterOnCrash: 0, Is64bit: 1, IsPro: 1

COMMAND LINE ARGUMENTS:
D:\Program Files\Unity\Editor\2022.3.62f1\Editor\Unity.exe
-adb2
-batchMode
-noUpm
-name
AssetImportWorker0
-projectPath
C:/Users/bobbo/projects/Progetto_Agnetti
-logFile
Logs/AssetImportWorker0.log
-srvPort
51180
Successfully changed project path to: C:/Users/bobbo/projects/Progetto_Agnetti
C:/Users/bobbo/projects/Progetto_Agnetti
[UnityMemory] Configuration Parameters - Can be set up in boot.config
    "memorysetup-bucket-allocator-granularity=16"
    "memorysetup-bucket-allocator-bucket-count=8"
    "memorysetup-bucket-allocator-block-size=33554432"
    "memorysetup-bucket-allocator-block-count=8"
    "memorysetup-main-allocator-block-size=16777216"
    "memorysetup-thread-allocator-block-size=16777216"
    "memorysetup-gfx-main-allocator-block-size=16777216"
    "memorysetup-gfx-thread-allocator-block-size=16777216"
    "memorysetup-cache-allocator-block-size=4194304"
    "memorysetup-typetree-allocator-block-size=2097152"
    "memorysetup-profiler-bucket-allocator-granularity=16"
    "memorysetup-profiler-bucket-allocator-bucket-count=8"
    "memorysetup-profiler-bucket-allocator-block-size=33554432"
    "memorysetup-profiler-bucket-allocator-block-count=8"
    "memorysetup-profiler-allocator-block-size=16777216"
    "memorysetup-profiler-editor-allocator-block-size=1048576"
    "memorysetup-temp-allocator-size-main=16777216"
    "memorysetup-job-temp-allocator-block-size=2097152"
    "memorysetup-job-temp-allocator-block-size-background=1048576"
    "memorysetup-job-temp-allocator-reduction-small-platforms=262144"
    "memorysetup-allocator-temp-initial-block-size-main=262144"
    "memorysetup-allocator-temp-initial-block-size-worker=262144"
    "memorysetup-temp-allocator-size-background-worker=32768"
    "memorysetup-temp-allocator-size-job-worker=262144"
    "memorysetup-temp-allocator-size-preload-manager=33554432"
    "memorysetup-temp-allocator-size-nav-mesh-worker=65536"
    "memorysetup-temp-allocator-size-audio-worker=65536"
    "memorysetup-temp-allocator-size-cloud-worker=32768"
    "memorysetup-temp-allocator-size-gi-baking-worker=262144"
    "memorysetup-temp-allocator-size-gfx=262144"
Player connection [15852]  Target information:

Player connection [15852]  * "[IP] 192.168.1.96 [Port] 0 [Flags] 2 [Guid] 1531601122 [EditorId] 1531601122 [Version] 1048832 [Id] WindowsEditor(7,pc_roberts) [Debug] 1 [PackageName] WindowsEditor [ProjectName] Editor" 

Player connection [15852]  * "[IP] 192.168.56.1 [Port] 0 [Flags] 2 [Guid] 1531601122 [EditorId] 1531601122 [Version] 1048832 [Id] WindowsEditor(7,pc_roberts) [Debug] 1 [PackageName] WindowsEditor [ProjectName] Editor" 

Player connection [15852] Host joined multi-casting on [225.0.0.222:54997]...
Player connection [15852] Host joined alternative multi-casting on [225.0.0.222:34997]...
Input System module state changed to: Initialized.
[PhysX] Initialized MultithreadedTaskDispatcher with 8 workers.
Refreshing native plugins compatible for Editor in 47.79 ms, found 4 plugins.
Preloading 0 native plugins for Editor in 0.00 ms.
Initialize engine version: 2022.3.62f1 (4af31df58517)
[Subsystems] Discovering subsystems at path D:/Program Files/Unity/Editor/2022.3.62f1/Editor/Data/Resources/UnitySubsystems
[Subsystems] Discovering subsystems at path C:/Users/bobbo/projects/Progetto_Agnetti/Assets
GfxDevice: creating device client; threaded=0; jobified=0
Direct3D:
    Version:  Direct3D 11.0 [level 11.1]
    Renderer: Radeon RX 580 Series (ID=0x67df)
    Vendor:   ATI
    VRAM:     8170 MB
    Driver:   31.0.21921.1000
Initialize mono
Mono path[0] = 'D:/Program Files/Unity/Editor/2022.3.62f1/Editor/Data/Managed'
Mono path[1] = 'D:/Program Files/Unity/Editor/2022.3.62f1/Editor/Data/MonoBleedingEdge/lib/mono/unityjit-win32'
Mono config path = 'D:/Program Files/Unity/Editor/2022.3.62f1/Editor/Data/MonoBleedingEdge/etc'
Using monoOptions --debugger-agent=transport=dt_socket,embedding=1,server=y,suspend=n,address=127.0.0.1:56920
Begin MonoManager ReloadAssembly
Registering precompiled unity dll's ...
Register platform support module: D:/Program Files/Unity/Editor/2022.3.62f1/Editor/Data/PlaybackEngines/WindowsStandaloneSupport/UnityEditor.WindowsStandalone.Extensions.dll
Registered in 0.009840 seconds.
- Loaded All Assemblies, in  0.773 seconds
Native extension for WindowsStandalone target not found
Mono: successfully reloaded assembly
- Finished resetting the current domain, in  0.611 seconds
Domain Reload Profiling: 1383ms
	BeginReloadAssembly (264ms)
		ExecutionOrderSort (0ms)
		DisableScriptedObjects (0ms)
		BackupInstance (0ms)
		ReleaseScriptingObjects (0ms)
		CreateAndSetChildDomain (2ms)
	RebuildCommonClasses (88ms)
	RebuildNativeTypeToScriptingClass (27ms)
	initialDomainReloadingComplete (97ms)
	LoadAllAssembliesAndSetupDomain (297ms)
		LoadAssemblies (263ms)
		RebuildTransferFunctionScriptingTraits (0ms)
		AnalyzeDomain (292ms)
			TypeCache.Refresh (290ms)
				TypeCache.ScanAssembly (265ms)
			ScanForSourceGeneratedMonoScriptInfo (1ms)
			ResolveRequiredComponents (1ms)
	FinalizeReload (612ms)
		ReleaseScriptCaches (0ms)
		RebuildScriptCaches (0ms)
		SetupLoadedEditorAssemblies (498ms)
			LogAssemblyErrors (0ms)
			InitializePlatformSupportModulesInManaged (21ms)
			SetLoadedEditorAssemblies (20ms)
			RefreshPlugins (0ms)
			BeforeProcessingInitializeOnLoad (6ms)
			ProcessInitializeOnLoadAttributes (355ms)
			ProcessInitializeOnLoadMethodAttributes (97ms)
			AfterProcessingInitializeOnLoad (0ms)
			EditorAssembliesLoaded (0ms)
		ExecutionOrderSort2 (0ms)
		AwakeInstancesAfterBackupRestoration (0ms)
========================================================================
Worker process is ready to serve import requests
Caller must complete domain reload
Begin MonoManager ReloadAssembly
- Loaded All Assemblies, in  1.768 seconds
Native extension for WindowsStandalone target not found
Mono: successfully reloaded assembly
- Finished resetting the current domain, in  1.885 seconds
Domain Reload Profiling: 3646ms
	BeginReloadAssembly (457ms)
		ExecutionOrderSort (0ms)
		DisableScriptedObjects (12ms)
		BackupInstance (0ms)
		ReleaseScriptingObjects (0ms)
		CreateAndSetChildDomain (46ms)
	RebuildCommonClasses (92ms)
	RebuildNativeTypeToScriptingClass (23ms)
	initialDomainReloadingComplete (88ms)
	LoadAllAssembliesAndSetupDomain (1100ms)
		LoadAssemblies (973ms)
		RebuildTransferFunctionScriptingTraits (0ms)
		AnalyzeDomain (445ms)
			TypeCache.Refresh (361ms)
				TypeCache.ScanAssembly (331ms)
			ScanForSourceGeneratedMonoScriptInfo (61ms)
			ResolveRequiredComponents (20ms)
	FinalizeReload (1886ms)
		ReleaseScriptCaches (0ms)
		RebuildScriptCaches (0ms)
		SetupLoadedEditorAssemblies (1451ms)
			LogAssemblyErrors (0ms)
			InitializePlatformSupportModulesInManaged (12ms)
			SetLoadedEditorAssemblies (12ms)
			RefreshPlugins (0ms)
			BeforeProcessingInitializeOnLoad (311ms)
			ProcessInitializeOnLoadAttributes (919ms)
			ProcessInitializeOnLoadMethodAttributes (191ms)
			AfterProcessingInitializeOnLoad (6ms)
			EditorAssembliesLoaded (0ms)
		ExecutionOrderSort2 (0ms)
		AwakeInstancesAfterBackupRestoration (13ms)
Shader Hidden/ProbeVolume/VoxelizeScene is not supported: GPU does not support conservative rasterization
Shader Hidden/ProbeVolume/VoxelizeScene is not supported: GPU does not support conservative rasterization
Launched and connected shader compiler UnityShaderCompiler.exe after 0.18 seconds
Refreshing native plugins compatible for Editor in 18.60 ms, found 4 plugins.
Preloading 0 native plugins for Editor in 0.00 ms.
Unloading 5655 Unused Serialized files (Serialized files now loaded: 0)
Unloading 75 unused Assets / (3.5 MB). Loaded Objects now: 6083.
Memory consumption went from 217.4 MB to 213.9 MB.
Total: 7.361100 ms (FindLiveObjects: 0.648300 ms CreateObjectMapping: 0.451500 ms MarkObjects: 4.079000 ms  DeleteObjects: 2.180300 ms)

AssetImportParameters requested are different than current active one (requested -> active):
  custom:container-demuxer-ogg: 62fdf1f143b41e24485cea50d1cbac27 -> 
  custom:video-codec-MediaFoundation-h265: 746d11721c4dcdbdad8f713fa42b33f4 -> 
  custom:video-decoder-ogg-theora: a1e56fd34408186e4bbccfd4996cb3dc -> 
  custom:framework-win-MediaFoundation: 216162199b28c13a410421893ffa2e32 -> 
  custom:CustomObjectIndexerAttribute: 72b91833f83ae208fae7752999fa3104 -> 
  custom:container-demuxer-webm: 4f35f7cbe854078d1ac9338744f61a02 -> 
  custom:container-muxer-webm: aa71ff27fc2769a1b78a27578f13a17b -> 
  custom:video-decoder-webm-vp8: 9c59270c3fd7afecdb556c50c9e8de78 -> 
  custom:SearchIndexIgnoredProperties: e643bd26f0fe6173181afceb89e7c659 -> 
  custom:AudioImporter_EditorPlatform: d09bf68614088b80899f8185d706f6e7 -> 
  custom:video-encoder-webm-vp8: eb34c28f22e8b96e1ab97ce403110664 -> 
  custom:audio-decoder-ogg-vorbis: bf7c407c2cedff20999df2af8eb42d56 -> 
  custom:audio-encoder-webm-vorbis: bf7c407c2cedff20999df2af8eb42d56 -> 
========================================================================
Received Import Request.
  Time since last request: 13897.015154 seconds.
  path: Assets/Immagini/Oggetti/campfire/smoking00.png
  artifactKey: Guid(894a1e1e97fe00443ba9681737f039b9) Importer(815301076,1909f56bfc062723c751e8b465ee728b)
Start importing Assets/Immagini/Oggetti/campfire/smoking00.png using Guid(894a1e1e97fe00443ba9681737f039b9) Importer(815301076,1909f56bfc062723c751e8b465ee728b) [PhysX] Initialized MultithreadedTaskDispatcher with 8 workers.
[PhysX] Initialized MultithreadedTaskDispatcher with 8 workers.
 -> (artifact id: '40640e2e137b732853441de7f016d0f9') in 0.208798 seconds
Number of updated asset objects reloaded before import = 0
Number of asset objects unloaded after import = 3
========================================================================
Received Import Request.
  Time since last request: 23.604482 seconds.
  path: Assets/Immagini/Oggetti/campfire/fire00.png
  artifactKey: Guid(675ce5590dc50ae499536803700b2709) Importer(815301076,1909f56bfc062723c751e8b465ee728b)
Start importing Assets/Immagini/Oggetti/campfire/fire00.png using Guid(675ce5590dc50ae499536803700b2709) Importer(815301076,1909f56bfc062723c751e8b465ee728b) [PhysX] Initialized MultithreadedTaskDispatcher with 8 workers.
[PhysX] Initialized MultithreadedTaskDispatcher with 8 workers.
 -> (artifact id: '8faf85ea3d63cc9e9fbbc93ed3b6cd4c') in 0.013551 seconds
Number of updated asset objects reloaded before import = 0
Number of asset objects unloaded after import = 3
========================================================================
Received Import Request.
  Time since last request: 18.419396 seconds.
  path: Assets/Immagini/Oggetti/campfire/smoking00.png
  artifactKey: Guid(894a1e1e97fe00443ba9681737f039b9) Importer(815301076,1909f56bfc062723c751e8b465ee728b)
Start importing Assets/Immagini/Oggetti/campfire/smoking00.png using Guid(894a1e1e97fe00443ba9681737f039b9) Importer(815301076,1909f56bfc062723c751e8b465ee728b) [PhysX] Initialized MultithreadedTaskDispatcher with 8 workers.
[PhysX] Initialized MultithreadedTaskDispatcher with 8 workers.
 -> (artifact id: 'd4080f51591f3e5a11a7c8a6f4125b0f') in 0.016379 seconds
Number of updated asset objects reloaded before import = 0
Number of asset objects unloaded after import = 3
========================================================================
Received Import Request.
  Time since last request: 0.018775 seconds.
  path: Assets/Immagini/Oggetti/campfire/fire00.png
  artifactKey: Guid(675ce5590dc50ae499536803700b2709) Importer(815301076,1909f56bfc062723c751e8b465ee728b)
Start importing Assets/Immagini/Oggetti/campfire/fire00.png using Guid(675ce5590dc50ae499536803700b2709) Importer(815301076,1909f56bfc062723c751e8b465ee728b) [PhysX] Initialized MultithreadedTaskDispatcher with 8 workers.
[PhysX] Initialized MultithreadedTaskDispatcher with 8 workers.
 -> (artifact id: '2911a01987aad68d1bb6aca159ee0921') in 0.012585 seconds
Number of updated asset objects reloaded before import = 0
Number of asset objects unloaded after import = 3
========================================================================
Received Import Request.
  Time since last request: 80.272503 seconds.
  path: Assets/Animazioni/campfire
  artifactKey: Guid(8cef7a57ff3d69a4f800decf45597473) Importer(815301076,1909f56bfc062723c751e8b465ee728b)
Start importing Assets/Animazioni/campfire using Guid(8cef7a57ff3d69a4f800decf45597473) Importer(815301076,1909f56bfc062723c751e8b465ee728b) [PhysX] Initialized MultithreadedTaskDispatcher with 8 workers.
 -> (artifact id: '10972f6fbd1c04308e15586a424e9f13') in 0.001059 seconds
Number of updated asset objects reloaded before import = 0
Number of asset objects unloaded after import = 0
========================================================================
Received Import Request.
  Time since last request: 8.116870 seconds.
  path: Assets/Animazioni/campfire/acceso
  artifactKey: Guid(b3de74c2b83bcbd4dbf7abee18f7b85f) Importer(815301076,1909f56bfc062723c751e8b465ee728b)
Start importing Assets/Animazioni/campfire/acceso using Guid(b3de74c2b83bcbd4dbf7abee18f7b85f) Importer(815301076,1909f56bfc062723c751e8b465ee728b) [PhysX] Initialized MultithreadedTaskDispatcher with 8 workers.
 -> (artifact id: '0f9c49324638fe2e9e6a4f33f1f04e3b') in 0.000819 seconds
Number of updated asset objects reloaded before import = 0
Number of asset objects unloaded after import = 0
========================================================================
Received Import Request.
  Time since last request: 5.585209 seconds.
  path: Assets/Animazioni/campfire/fumante
  artifactKey: Guid(23f770b352e18aa4f92eb40ca3fc4478) Importer(815301076,1909f56bfc062723c751e8b465ee728b)
Start importing Assets/Animazioni/campfire/fumante using Guid(23f770b352e18aa4f92eb40ca3fc4478) Importer(815301076,1909f56bfc062723c751e8b465ee728b) [PhysX] Initialized MultithreadedTaskDispatcher with 8 workers.
 -> (artifact id: '0eb38ed15a80662169cdcd275c77edca') in 0.000957 seconds
Number of updated asset objects reloaded before import = 0
Number of asset objects unloaded after import = 0
========================================================================
Received Import Request.
  Time since last request: 62.427640 seconds.
  path: Assets/Animazioni/campfire/acceso/campfireAcceso.anim
  artifactKey: Guid(9813a2d0b6354bb49b581de513a22178) Importer(815301076,1909f56bfc062723c751e8b465ee728b)
Start importing Assets/Animazioni/campfire/acceso/campfireAcceso.anim using Guid(9813a2d0b6354bb49b581de513a22178) Importer(815301076,1909f56bfc062723c751e8b465ee728b) [PhysX] Initialized MultithreadedTaskDispatcher with 8 workers.
 -> (artifact id: 'caa918b311fa728afa90447169dc059f') in 0.002896 seconds
Number of updated asset objects reloaded before import = 0
Number of asset objects unloaded after import = 1
========================================================================
Received Import Request.
  Time since last request: 64.562529 seconds.
  path: Assets/Animazioni/campfire/acceso/fire00.png
  artifactKey: Guid(2c6757476bf1f064e8d74da3af151629) Importer(815301076,1909f56bfc062723c751e8b465ee728b)
Start importing Assets/Animazioni/campfire/acceso/fire00.png using Guid(2c6757476bf1f064e8d74da3af151629) Importer(815301076,1909f56bfc062723c751e8b465ee728b) [PhysX] Initialized MultithreadedTaskDispatcher with 8 workers.
[PhysX] Initialized MultithreadedTaskDispatcher with 8 workers.
 -> (artifact id: 'fd6b0fa980519a476fb4a79c6b567e40') in 0.017954 seconds
Number of updated asset objects reloaded before import = 0
Number of asset objects unloaded after import = 3
========================================================================
Received Import Request.
  Time since last request: 0.000045 seconds.
  path: Assets/Animazioni/campfire/acceso/fire02.png
  artifactKey: Guid(6a101a4fab781fc4fabc89ea5929d8bb) Importer(815301076,1909f56bfc062723c751e8b465ee728b)
Start importing Assets/Animazioni/campfire/acceso/fire02.png using Guid(6a101a4fab781fc4fabc89ea5929d8bb) Importer(815301076,1909f56bfc062723c751e8b465ee728b) [PhysX] Initialized MultithreadedTaskDispatcher with 8 workers.
[PhysX] Initialized MultithreadedTaskDispatcher with 8 workers.
 -> (artifact id: '88b9344e5400a677d8d273dde0914ce7') in 0.016292 seconds
Number of updated asset objects reloaded before import = 0
Number of asset objects unloaded after import = 3
========================================================================
Received Import Request.
  Time since last request: 0.000052 seconds.
  path: Assets/Animazioni/campfire/acceso/fire05.png
  artifactKey: Guid(fce2491b24a1139408a5a951a2c87530) Importer(815301076,1909f56bfc062723c751e8b465ee728b)
Start importing Assets/Animazioni/campfire/acceso/fire05.png using Guid(fce2491b24a1139408a5a951a2c87530) Importer(815301076,1909f56bfc062723c751e8b465ee728b) [PhysX] Initialized MultithreadedTaskDispatcher with 8 workers.
[PhysX] Initialized MultithreadedTaskDispatcher with 8 workers.
 -> (artifact id: '54cc618c39d1d828421dfa4f7137de88') in 0.014687 seconds
Number of updated asset objects reloaded before import = 0
Number of asset objects unloaded after import = 3
========================================================================
Received Import Request.
  Time since last request: 0.000041 seconds.
  path: Assets/Animazioni/campfire/acceso/fire04.png
  artifactKey: Guid(33b1c3b8463e6d448a8a552e82b06ad9) Importer(815301076,1909f56bfc062723c751e8b465ee728b)
Start importing Assets/Animazioni/campfire/acceso/fire04.png using Guid(33b1c3b8463e6d448a8a552e82b06ad9) Importer(815301076,1909f56bfc062723c751e8b465ee728b) [PhysX] Initialized MultithreadedTaskDispatcher with 8 workers.
[PhysX] Initialized MultithreadedTaskDispatcher with 8 workers.
 -> (artifact id: 'c4a1bf0a0b108ac642e10aed524cddc6') in 0.016487 seconds
Number of updated asset objects reloaded before import = 0
Number of asset objects unloaded after import = 3
========================================================================
Received Import Request.
  Time since last request: 0.000032 seconds.
  path: Assets/Animazioni/campfire/acceso/fire06.png
  artifactKey: Guid(bb680adb8e13b0a4da701f181a0a846e) Importer(815301076,1909f56bfc062723c751e8b465ee728b)
Start importing Assets/Animazioni/campfire/acceso/fire06.png using Guid(bb680adb8e13b0a4da701f181a0a846e) Importer(815301076,1909f56bfc062723c751e8b465ee728b) [PhysX] Initialized MultithreadedTaskDispatcher with 8 workers.
[PhysX] Initialized MultithreadedTaskDispatcher with 8 workers.
 -> (artifact id: 'd887c73dc2358ca7dc559d173f4ef002') in 0.017919 seconds
Number of updated asset objects reloaded before import = 0
Number of asset objects unloaded after import = 3
========================================================================
Received Import Request.
  Time since last request: 0.000031 seconds.
  path: Assets/Animazioni/campfire/acceso/fire03.png
  artifactKey: Guid(a440909f5d91ad74abbe2a64cb272eeb) Importer(815301076,1909f56bfc062723c751e8b465ee728b)
Start importing Assets/Animazioni/campfire/acceso/fire03.png using Guid(a440909f5d91ad74abbe2a64cb272eeb) Importer(815301076,1909f56bfc062723c751e8b465ee728b) [PhysX] Initialized MultithreadedTaskDispatcher with 8 workers.
[PhysX] Initialized MultithreadedTaskDispatcher with 8 workers.
 -> (artifact id: '4d4494899486a138ffd8f7233d0dc294') in 0.013997 seconds
Number of updated asset objects reloaded before import = 0
Number of asset objects unloaded after import = 3
========================================================================
Received Import Request.
  Time since last request: 8.130190 seconds.
  path: Assets/Animazioni/campfire/acceso/fire07.png
  artifactKey: Guid(86125b490d3828f4fab72460068926c8) Importer(815301076,1909f56bfc062723c751e8b465ee728b)
Start importing Assets/Animazioni/campfire/acceso/fire07.png using Guid(86125b490d3828f4fab72460068926c8) Importer(815301076,1909f56bfc062723c751e8b465ee728b) [PhysX] Initialized MultithreadedTaskDispatcher with 8 workers.
[PhysX] Initialized MultithreadedTaskDispatcher with 8 workers.
 -> (artifact id: '5d3129df6ebd5f9fd992f250ec41ac2e') in 0.017357 seconds
Number of updated asset objects reloaded before import = 0
Number of asset objects unloaded after import = 3
========================================================================
Received Import Request.
  Time since last request: 5.699069 seconds.
  path: Assets/Animazioni/campfire/acceso/fire11.png
  artifactKey: Guid(96f85b2ae05f2024181dbff47a86dc6f) Importer(815301076,1909f56bfc062723c751e8b465ee728b)
Start importing Assets/Animazioni/campfire/acceso/fire11.png using Guid(96f85b2ae05f2024181dbff47a86dc6f) Importer(815301076,1909f56bfc062723c751e8b465ee728b) [PhysX] Initialized MultithreadedTaskDispatcher with 8 workers.
[PhysX] Initialized MultithreadedTaskDispatcher with 8 workers.
 -> (artifact id: '118b427c7b91c0b56da831f5eb4a47c2') in 0.013953 seconds
Number of updated asset objects reloaded before import = 0
Number of asset objects unloaded after import = 3
========================================================================
Received Import Request.
  Time since last request: 6.412363 seconds.
  path: Assets/Animazioni/campfire/acceso/fire10.png
  artifactKey: Guid(a95671c9ef70d4e4fbb7f0312b8f2f47) Importer(815301076,1909f56bfc062723c751e8b465ee728b)
Start importing Assets/Animazioni/campfire/acceso/fire10.png using Guid(a95671c9ef70d4e4fbb7f0312b8f2f47) Importer(815301076,1909f56bfc062723c751e8b465ee728b) [PhysX] Initialized MultithreadedTaskDispatcher with 8 workers.
[PhysX] Initialized MultithreadedTaskDispatcher with 8 workers.
 -> (artifact id: '46e4ebb32642d306c8b54ca4c179bbaf') in 0.017793 seconds
Number of updated asset objects reloaded before import = 0
Number of asset objects unloaded after import = 3
========================================================================
Received Import Request.
  Time since last request: 0.000121 seconds.
  path: Assets/Animazioni/campfire/acceso/fire13.png
  artifactKey: Guid(a80be810c75865a4987d76324a48dcb6) Importer(815301076,1909f56bfc062723c751e8b465ee728b)
Start importing Assets/Animazioni/campfire/acceso/fire13.png using Guid(a80be810c75865a4987d76324a48dcb6) Importer(815301076,1909f56bfc062723c751e8b465ee728b) [PhysX] Initialized MultithreadedTaskDispatcher with 8 workers.
[PhysX] Initialized MultithreadedTaskDispatcher with 8 workers.
 -> (artifact id: '26c0adea27a9e985e27e1ebb06196c65') in 0.014785 seconds
Number of updated asset objects reloaded before import = 0
Number of asset objects unloaded after import = 3
========================================================================
Received Import Request.
  Time since last request: 4.682217 seconds.
  path: Assets/Animazioni/campfire/acceso/fire14.png
  artifactKey: Guid(61d06da772ca31e4ea247d0c847a1beb) Importer(815301076,1909f56bfc062723c751e8b465ee728b)
Start importing Assets/Animazioni/campfire/acceso/fire14.png using Guid(61d06da772ca31e4ea247d0c847a1beb) Importer(815301076,1909f56bfc062723c751e8b465ee728b) [PhysX] Initialized MultithreadedTaskDispatcher with 8 workers.
[PhysX] Initialized MultithreadedTaskDispatcher with 8 workers.
 -> (artifact id: '4109066c828759f4f42707adf7e4e463') in 0.015112 seconds
Number of updated asset objects reloaded before import = 0
Number of asset objects unloaded after import = 3
========================================================================
Received Import Request.
  Time since last request: 0.372737 seconds.
  path: Assets/Animazioni/campfire/acceso/fire15.png
  artifactKey: Guid(3d31a2e5fd894544c98fd4182333c653) Importer(815301076,1909f56bfc062723c751e8b465ee728b)
Start importing Assets/Animazioni/campfire/acceso/fire15.png using Guid(3d31a2e5fd894544c98fd4182333c653) Importer(815301076,1909f56bfc062723c751e8b465ee728b) [PhysX] Initialized MultithreadedTaskDispatcher with 8 workers.
[PhysX] Initialized MultithreadedTaskDispatcher with 8 workers.
 -> (artifact id: 'ac44aed51f97eeaf697bcc1b6dbb8554') in 0.015543 seconds
Number of updated asset objects reloaded before import = 0
Number of asset objects unloaded after import = 3
========================================================================
Received Import Request.
  Time since last request: 42.082505 seconds.
  path: Assets/Animazioni/campfire/acceso/fire04.png
  artifactKey: Guid(33b1c3b8463e6d448a8a552e82b06ad9) Importer(815301076,1909f56bfc062723c751e8b465ee728b)
Start importing Assets/Animazioni/campfire/acceso/fire04.png using Guid(33b1c3b8463e6d448a8a552e82b06ad9) Importer(815301076,1909f56bfc062723c751e8b465ee728b) [PhysX] Initialized MultithreadedTaskDispatcher with 8 workers.
[PhysX] Initialized MultithreadedTaskDispatcher with 8 workers.
 -> (artifact id: '3adbe79afd6683e7e4b3286e29d2eb63') in 0.015039 seconds
Number of updated asset objects reloaded before import = 0
Number of asset objects unloaded after import = 3
========================================================================
Received Import Request.
  Time since last request: 0.029634 seconds.
  path: Assets/Animazioni/campfire/acceso/fire03.png
  artifactKey: Guid(a440909f5d91ad74abbe2a64cb272eeb) Importer(815301076,1909f56bfc062723c751e8b465ee728b)
Start importing Assets/Animazioni/campfire/acceso/fire03.png using Guid(a440909f5d91ad74abbe2a64cb272eeb) Importer(815301076,1909f56bfc062723c751e8b465ee728b) [PhysX] Initialized MultithreadedTaskDispatcher with 8 workers.
[PhysX] Initialized MultithreadedTaskDispatcher with 8 workers.
 -> (artifact id: '66e49183eef7101fd732bf44bc32b0b4') in 0.015031 seconds
Number of updated asset objects reloaded before import = 0
Number of asset objects unloaded after import = 3
========================================================================
Received Import Request.
  Time since last request: 0.000046 seconds.
  path: Assets/Animazioni/campfire/acceso/fire12.png
  artifactKey: Guid(85791d55ef54e9447b1d396f686a6fc5) Importer(815301076,1909f56bfc062723c751e8b465ee728b)
Start importing Assets/Animazioni/campfire/acceso/fire12.png using Guid(85791d55ef54e9447b1d396f686a6fc5) Importer(815301076,1909f56bfc062723c751e8b465ee728b) [PhysX] Initialized MultithreadedTaskDispatcher with 8 workers.
[PhysX] Initialized MultithreadedTaskDispatcher with 8 workers.
 -> (artifact id: '16fffd655214217fdbe9cdc245fde6a5') in 0.014568 seconds
Number of updated asset objects reloaded before import = 0
Number of asset objects unloaded after import = 3
========================================================================
Received Import Request.
  Time since last request: 0.000029 seconds.
  path: Assets/Animazioni/campfire/acceso/fire09.png
  artifactKey: Guid(5e83f15b493e32e4f952dd6f7df64d93) Importer(815301076,1909f56bfc062723c751e8b465ee728b)
Start importing Assets/Animazioni/campfire/acceso/fire09.png using Guid(5e83f15b493e32e4f952dd6f7df64d93) Importer(815301076,1909f56bfc062723c751e8b465ee728b) [PhysX] Initialized MultithreadedTaskDispatcher with 8 workers.
[PhysX] Initialized MultithreadedTaskDispatcher with 8 workers.
 -> (artifact id: '965a092f7d5daf982d944e243c1aa9b9') in 0.015611 seconds
Number of updated asset objects reloaded before import = 0
Number of asset objects unloaded after import = 3
========================================================================
Received Import Request.
  Time since last request: 0.000038 seconds.
  path: Assets/Animazioni/campfire/acceso/fire07.png
  artifactKey: Guid(86125b490d3828f4fab72460068926c8) Importer(815301076,1909f56bfc062723c751e8b465ee728b)
Start importing Assets/Animazioni/campfire/acceso/fire07.png using Guid(86125b490d3828f4fab72460068926c8) Importer(815301076,1909f56bfc062723c751e8b465ee728b) [PhysX] Initialized MultithreadedTaskDispatcher with 8 workers.
[PhysX] Initialized MultithreadedTaskDispatcher with 8 workers.
 -> (artifact id: 'aef82ee711829b7923e8999d36d5a76d') in 0.015682 seconds
Number of updated asset objects reloaded before import = 0
Number of asset objects unloaded after import = 3
========================================================================
Received Import Request.
  Time since last request: 0.000045 seconds.
  path: Assets/Animazioni/campfire/acceso/fire11.png
  artifactKey: Guid(96f85b2ae05f2024181dbff47a86dc6f) Importer(815301076,1909f56bfc062723c751e8b465ee728b)
Start importing Assets/Animazioni/campfire/acceso/fire11.png using Guid(96f85b2ae05f2024181dbff47a86dc6f) Importer(815301076,1909f56bfc062723c751e8b465ee728b) [PhysX] Initialized MultithreadedTaskDispatcher with 8 workers.
[PhysX] Initialized MultithreadedTaskDispatcher with 8 workers.
 -> (artifact id: '8321441d9cbd0a5d38d0e35dcfe5940c') in 0.014822 seconds
Number of updated asset objects reloaded before import = 0
Number of asset objects unloaded after import = 3
========================================================================
Received Import Request.
  Time since last request: 0.000031 seconds.
  path: Assets/Animazioni/campfire/acceso/fire10.png
  artifactKey: Guid(a95671c9ef70d4e4fbb7f0312b8f2f47) Importer(815301076,1909f56bfc062723c751e8b465ee728b)
Start importing Assets/Animazioni/campfire/acceso/fire10.png using Guid(a95671c9ef70d4e4fbb7f0312b8f2f47) Importer(815301076,1909f56bfc062723c751e8b465ee728b) [PhysX] Initialized MultithreadedTaskDispatcher with 8 workers.
[PhysX] Initialized MultithreadedTaskDispatcher with 8 workers.
 -> (artifact id: '9e3c0f1d27e3bb3a5aa95ed7453d618d') in 0.016427 seconds
Number of updated asset objects reloaded before import = 0
Number of asset objects unloaded after import = 3
========================================================================
Received Import Request.
  Time since last request: 0.918877 seconds.
  path: Assets/Animazioni/campfire/acceso/fire00.png
  artifactKey: Guid(2c6757476bf1f064e8d74da3af151629) Importer(815301076,1909f56bfc062723c751e8b465ee728b)
Start importing Assets/Animazioni/campfire/acceso/fire00.png using Guid(2c6757476bf1f064e8d74da3af151629) Importer(815301076,1909f56bfc062723c751e8b465ee728b) [PhysX] Initialized MultithreadedTaskDispatcher with 8 workers.
[PhysX] Initialized MultithreadedTaskDispatcher with 8 workers.
 -> (artifact id: 'ed11992867757257bc439aa41b34e9c7') in 0.016241 seconds
Number of updated asset objects reloaded before import = 0
Number of asset objects unloaded after import = 3
========================================================================
Received Import Request.
  Time since last request: 0.000034 seconds.
  path: Assets/Animazioni/campfire/acceso/fire02.png
  artifactKey: Guid(6a101a4fab781fc4fabc89ea5929d8bb) Importer(815301076,1909f56bfc062723c751e8b465ee728b)
Start importing Assets/Animazioni/campfire/acceso/fire02.png using Guid(6a101a4fab781fc4fabc89ea5929d8bb) Importer(815301076,1909f56bfc062723c751e8b465ee728b) [PhysX] Initialized MultithreadedTaskDispatcher with 8 workers.
[PhysX] Initialized MultithreadedTaskDispatcher with 8 workers.
 -> (artifact id: '1f884c151913e05846542a301819d90d') in 0.017278 seconds
Number of updated asset objects reloaded before import = 0
Number of asset objects unloaded after import = 3
========================================================================
Received Prepare
Caller must complete domain reload
Begin MonoManager ReloadAssembly
- Loaded All Assemblies, in  4.007 seconds
Native extension for WindowsStandalone target not found
Mono: successfully reloaded assembly
- Finished resetting the current domain, in  1.923 seconds
Domain Reload Profiling: 5922ms
	BeginReloadAssembly (2876ms)
		ExecutionOrderSort (0ms)
		DisableScriptedObjects (2367ms)
		BackupInstance (0ms)
		ReleaseScriptingObjects (0ms)
		CreateAndSetChildDomain (126ms)
	RebuildCommonClasses (100ms)
	RebuildNativeTypeToScriptingClass (31ms)
	initialDomainReloadingComplete (86ms)
	LoadAllAssembliesAndSetupDomain (904ms)
		LoadAssemblies (1175ms)
		RebuildTransferFunctionScriptingTraits (0ms)
		AnalyzeDomain (43ms)
			TypeCache.Refresh (10ms)
				TypeCache.ScanAssembly (0ms)
			ScanForSourceGeneratedMonoScriptInfo (0ms)
			ResolveRequiredComponents (30ms)
	FinalizeReload (1924ms)
		ReleaseScriptCaches (0ms)
		RebuildScriptCaches (0ms)
		SetupLoadedEditorAssemblies (1427ms)
			LogAssemblyErrors (0ms)
			InitializePlatformSupportModulesInManaged (13ms)
			SetLoadedEditorAssemblies (13ms)
			RefreshPlugins (0ms)
			BeforeProcessingInitializeOnLoad (315ms)
			ProcessInitializeOnLoadAttributes (871ms)
			ProcessInitializeOnLoadMethodAttributes (208ms)
			AfterProcessingInitializeOnLoad (6ms)
			EditorAssembliesLoaded (1ms)
		ExecutionOrderSort2 (0ms)
		AwakeInstancesAfterBackupRestoration (40ms)
Shader Hidden/ProbeVolume/VoxelizeScene is not supported: GPU does not support conservative rasterization
Shader Hidden/ProbeVolume/VoxelizeScene is not supported: GPU does not support conservative rasterization
Refreshing native plugins compatible for Editor in 17.79 ms, found 4 plugins.
Preloading 0 native plugins for Editor in 0.00 ms.
Unloading 5531 Unused Serialized files (Serialized files now loaded: 0)
Unloading 62 unused Assets / (3.5 MB). Loaded Objects now: 6095.
Memory consumption went from 202.8 MB to 199.2 MB.
Total: 9.587000 ms (FindLiveObjects: 0.708900 ms CreateObjectMapping: 0.963700 ms MarkObjects: 5.246400 ms  DeleteObjects: 2.666200 ms)

Prepare: number of updated asset objects reloaded= 0
AssetImportParameters requested are different than current active one (requested -> active):
  custom:container-demuxer-ogg: 62fdf1f143b41e24485cea50d1cbac27 -> 
  custom:video-codec-MediaFoundation-h265: 746d11721c4dcdbdad8f713fa42b33f4 -> 
  custom:video-decoder-ogg-theora: a1e56fd34408186e4bbccfd4996cb3dc -> 
  custom:framework-win-MediaFoundation: 216162199b28c13a410421893ffa2e32 -> 
  custom:CustomObjectIndexerAttribute: 72b91833f83ae208fae7752999fa3104 -> 
  custom:container-demuxer-webm: 4f35f7cbe854078d1ac9338744f61a02 -> 
  custom:container-muxer-webm: aa71ff27fc2769a1b78a27578f13a17b -> 
  custom:video-decoder-webm-vp8: 9c59270c3fd7afecdb556c50c9e8de78 -> 
  custom:SearchIndexIgnoredProperties: e643bd26f0fe6173181afceb89e7c659 -> 
  custom:AudioImporter_EditorPlatform: d09bf68614088b80899f8185d706f6e7 -> 
  custom:video-encoder-webm-vp8: eb34c28f22e8b96e1ab97ce403110664 -> 
  custom:audio-decoder-ogg-vorbis: bf7c407c2cedff20999df2af8eb42d56 -> 
  custom:audio-encoder-webm-vorbis: bf7c407c2cedff20999df2af8eb42d56 -> 
========================================================================
Received Import Request.
  Time since last request: 1354.741466 seconds.
  path: Assets/Animazioni/campfire/fumante/campfire (1).controller
  artifactKey: Guid(7e365a5c5db249b468dbf7e6d2f002d4) Importer(815301076,1909f56bfc062723c751e8b465ee728b)
Start importing Assets/Animazioni/campfire/fumante/campfire (1).controller using Guid(7e365a5c5db249b468dbf7e6d2f002d4) Importer(815301076,1909f56bfc062723c751e8b465ee728b) [PhysX] Initialized MultithreadedTaskDispatcher with 8 workers.
 -> (artifact id: 'd38e21f78241d562de644789a38e9531') in 0.033531 seconds
Number of updated asset objects reloaded before import = 0
Number of asset objects unloaded after import = 1
========================================================================
Received Import Request.
  Time since last request: 24.808940 seconds.
  path: Assets/Animazioni/campfire/fumante/smoking00.png
  artifactKey: Guid(4a1e55abaa5b4eb4299576a58a5dadd2) Importer(815301076,1909f56bfc062723c751e8b465ee728b)
Start importing Assets/Animazioni/campfire/fumante/smoking00.png using Guid(4a1e55abaa5b4eb4299576a58a5dadd2) Importer(815301076,1909f56bfc062723c751e8b465ee728b) [PhysX] Initialized MultithreadedTaskDispatcher with 8 workers.
[PhysX] Initialized MultithreadedTaskDispatcher with 8 workers.
 -> (artifact id: '17edacc1b2d0f612d037d87913517591') in 0.117114 seconds
Number of updated asset objects reloaded before import = 0
Number of asset objects unloaded after import = 3
========================================================================
Received Import Request.
  Time since last request: 0.000044 seconds.
  path: Assets/Animazioni/campfire/fumante/smoking05.png
  artifactKey: Guid(c0a54cee9d88f1e4b92ecf22348aa1c6) Importer(815301076,1909f56bfc062723c751e8b465ee728b)
Start importing Assets/Animazioni/campfire/fumante/smoking05.png using Guid(c0a54cee9d88f1e4b92ecf22348aa1c6) Importer(815301076,1909f56bfc062723c751e8b465ee728b) [PhysX] Initialized MultithreadedTaskDispatcher with 8 workers.
[PhysX] Initialized MultithreadedTaskDispatcher with 8 workers.
 -> (artifact id: '443959de51915cedaec463ef36d95f2c') in 0.019438 seconds
Number of updated asset objects reloaded before import = 0
Number of asset objects unloaded after import = 3
========================================================================
Received Import Request.
  Time since last request: 0.000056 seconds.
  path: Assets/Animazioni/campfire/fumante/smoking02.png
  artifactKey: Guid(048dc01c37115a74d89584581df30e1f) Importer(815301076,1909f56bfc062723c751e8b465ee728b)
Start importing Assets/Animazioni/campfire/fumante/smoking02.png using Guid(048dc01c37115a74d89584581df30e1f) Importer(815301076,1909f56bfc062723c751e8b465ee728b) [PhysX] Initialized MultithreadedTaskDispatcher with 8 workers.
[PhysX] Initialized MultithreadedTaskDispatcher with 8 workers.
 -> (artifact id: 'ed87327e0cd7c1534c8aafc058d199f2') in 0.020036 seconds
Number of updated asset objects reloaded before import = 0
Number of asset objects unloaded after import = 3
========================================================================
Received Import Request.
  Time since last request: 0.000032 seconds.
  path: Assets/Animazioni/campfire/fumante/smoking04.png
  artifactKey: Guid(52d067b962625d14ab517410bfc70f78) Importer(815301076,1909f56bfc062723c751e8b465ee728b)
Start importing Assets/Animazioni/campfire/fumante/smoking04.png using Guid(52d067b962625d14ab517410bfc70f78) Importer(815301076,1909f56bfc062723c751e8b465ee728b) [PhysX] Initialized MultithreadedTaskDispatcher with 8 workers.
[PhysX] Initialized MultithreadedTaskDispatcher with 8 workers.
 -> (artifact id: '9be42328dce56a98fcccc8e17f421415') in 0.017527 seconds
Number of updated asset objects reloaded before import = 0
Number of asset objects unloaded after import = 3
========================================================================
Received Import Request.
  Time since last request: 0.000050 seconds.
  path: Assets/Animazioni/campfire/fumante/smoking06.png
  artifactKey: Guid(e081b555be1a2b0429dd9363f09f6d61) Importer(815301076,1909f56bfc062723c751e8b465ee728b)
Start importing Assets/Animazioni/campfire/fumante/smoking06.png using Guid(e081b555be1a2b0429dd9363f09f6d61) Importer(815301076,1909f56bfc062723c751e8b465ee728b) [PhysX] Initialized MultithreadedTaskDispatcher with 8 workers.
[PhysX] Initialized MultithreadedTaskDispatcher with 8 workers.
 -> (artifact id: '3be707f1b7ddd4a104eea698a66110d2') in 0.015736 seconds
Number of updated asset objects reloaded before import = 0
Number of asset objects unloaded after import = 3
========================================================================
Received Import Request.
  Time since last request: 16.660352 seconds.
  path: Assets/Animazioni/campfire/fumante/smoking05.png
  artifactKey: Guid(c0a54cee9d88f1e4b92ecf22348aa1c6) Importer(815301076,1909f56bfc062723c751e8b465ee728b)
Start importing Assets/Animazioni/campfire/fumante/smoking05.png using Guid(c0a54cee9d88f1e4b92ecf22348aa1c6) Importer(815301076,1909f56bfc062723c751e8b465ee728b) [PhysX] Initialized MultithreadedTaskDispatcher with 8 workers.
[PhysX] Initialized MultithreadedTaskDispatcher with 8 workers.
 -> (artifact id: '72d88cd60531c0cfe5f61bce381f8bbc') in 0.018410 seconds
Number of updated asset objects reloaded before import = 0
Number of asset objects unloaded after import = 3
========================================================================
Received Import Request.
  Time since last request: 0.036017 seconds.
  path: Assets/Animazioni/campfire/fumante/smoking00.png
  artifactKey: Guid(4a1e55abaa5b4eb4299576a58a5dadd2) Importer(815301076,1909f56bfc062723c751e8b465ee728b)
Start importing Assets/Animazioni/campfire/fumante/smoking00.png using Guid(4a1e55abaa5b4eb4299576a58a5dadd2) Importer(815301076,1909f56bfc062723c751e8b465ee728b) [PhysX] Initialized MultithreadedTaskDispatcher with 8 workers.
[PhysX] Initialized MultithreadedTaskDispatcher with 8 workers.
 -> (artifact id: '919cb214a2bfdfbd2e87a5f1928c79f4') in 0.016826 seconds
Number of updated asset objects reloaded before import = 0
Number of asset objects unloaded after import = 3
========================================================================
Received Import Request.
  Time since last request: 0.000032 seconds.
  path: Assets/Animazioni/campfire/fumante/smoking02.png
  artifactKey: Guid(048dc01c37115a74d89584581df30e1f) Importer(815301076,1909f56bfc062723c751e8b465ee728b)
Start importing Assets/Animazioni/campfire/fumante/smoking02.png using Guid(048dc01c37115a74d89584581df30e1f) Importer(815301076,1909f56bfc062723c751e8b465ee728b) [PhysX] Initialized MultithreadedTaskDispatcher with 8 workers.
[PhysX] Initialized MultithreadedTaskDispatcher with 8 workers.
 -> (artifact id: '10d549ebcc7d8e3a553aec217bd6b4bb') in 0.021034 seconds
Number of updated asset objects reloaded before import = 0
Number of asset objects unloaded after import = 3
========================================================================
Received Import Request.
  Time since last request: 0.000047 seconds.
  path: Assets/Animazioni/campfire/fumante/smoking04.png
  artifactKey: Guid(52d067b962625d14ab517410bfc70f78) Importer(815301076,1909f56bfc062723c751e8b465ee728b)
Start importing Assets/Animazioni/campfire/fumante/smoking04.png using Guid(52d067b962625d14ab517410bfc70f78) Importer(815301076,1909f56bfc062723c751e8b465ee728b) [PhysX] Initialized MultithreadedTaskDispatcher with 8 workers.
[PhysX] Initialized MultithreadedTaskDispatcher with 8 workers.
 -> (artifact id: 'f1496b38ace223e7dc94acd9e29299be') in 0.019694 seconds
Number of updated asset objects reloaded before import = 0
Number of asset objects unloaded after import = 3
========================================================================
Received Import Request.
  Time since last request: 0.000050 seconds.
  path: Assets/Animazioni/campfire/fumante/smoking06.png
  artifactKey: Guid(e081b555be1a2b0429dd9363f09f6d61) Importer(815301076,1909f56bfc062723c751e8b465ee728b)
Start importing Assets/Animazioni/campfire/fumante/smoking06.png using Guid(e081b555be1a2b0429dd9363f09f6d61) Importer(815301076,1909f56bfc062723c751e8b465ee728b) [PhysX] Initialized MultithreadedTaskDispatcher with 8 workers.
[PhysX] Initialized MultithreadedTaskDispatcher with 8 workers.
 -> (artifact id: '7ec897c46524318b9dd5b69a80d8e50f') in 0.017354 seconds
Number of updated asset objects reloaded before import = 0
Number of asset objects unloaded after import = 3
========================================================================
Received Import Request.
  Time since last request: 37.296260 seconds.
  path: Assets/Animazioni/campfire/fumante/smoking00 1.png
  artifactKey: Guid(4533fbb50f868a24d8d4ecd3a5439875) Importer(815301076,1909f56bfc062723c751e8b465ee728b)
Start importing Assets/Animazioni/campfire/fumante/smoking00 1.png using Guid(4533fbb50f868a24d8d4ecd3a5439875) Importer(815301076,1909f56bfc062723c751e8b465ee728b) [PhysX] Initialized MultithreadedTaskDispatcher with 8 workers.
[PhysX] Initialized MultithreadedTaskDispatcher with 8 workers.
 -> (artifact id: 'ac88109b1c356ca02eec808ad32290dc') in 0.014818 seconds
Number of updated asset objects reloaded before import = 0
Number of asset objects unloaded after import = 3
========================================================================
Received Import Request.
  Time since last request: 0.000038 seconds.
  path: Assets/Animazioni/campfire/fumante/smoking02 1.png
  artifactKey: Guid(7fa684b03ce41dd4ab4bf964eba11eac) Importer(815301076,1909f56bfc062723c751e8b465ee728b)
Start importing Assets/Animazioni/campfire/fumante/smoking02 1.png using Guid(7fa684b03ce41dd4ab4bf964eba11eac) Importer(815301076,1909f56bfc062723c751e8b465ee728b) [PhysX] Initialized MultithreadedTaskDispatcher with 8 workers.
[PhysX] Initialized MultithreadedTaskDispatcher with 8 workers.
 -> (artifact id: 'cfcd569dca04ec7429dd9560b1fab75c') in 0.018323 seconds
Number of updated asset objects reloaded before import = 0
Number of asset objects unloaded after import = 3
========================================================================
Received Import Request.
  Time since last request: 0.000030 seconds.
  path: Assets/Animazioni/campfire/fumante/smoking07 1.png
  artifactKey: Guid(e82a3e6adcbce5b439afb8db89d30f51) Importer(815301076,1909f56bfc062723c751e8b465ee728b)
Start importing Assets/Animazioni/campfire/fumante/smoking07 1.png using Guid(e82a3e6adcbce5b439afb8db89d30f51) Importer(815301076,1909f56bfc062723c751e8b465ee728b) [PhysX] Initialized MultithreadedTaskDispatcher with 8 workers.
[PhysX] Initialized MultithreadedTaskDispatcher with 8 workers.
 -> (artifact id: '9072094b80bf98c37c03f8885e76111e') in 0.012743 seconds
Number of updated asset objects reloaded before import = 0
Number of asset objects unloaded after import = 3
========================================================================
Received Import Request.
  Time since last request: 0.000035 seconds.
  path: Assets/Animazioni/campfire/fumante/smoking05 1.png
  artifactKey: Guid(890a71c252b6cca468ce411e369c0731) Importer(815301076,1909f56bfc062723c751e8b465ee728b)
Start importing Assets/Animazioni/campfire/fumante/smoking05 1.png using Guid(890a71c252b6cca468ce411e369c0731) Importer(815301076,1909f56bfc062723c751e8b465ee728b) [PhysX] Initialized MultithreadedTaskDispatcher with 8 workers.
[PhysX] Initialized MultithreadedTaskDispatcher with 8 workers.
 -> (artifact id: '9bfbb95bd62d2e6e77fb51532b005d50') in 0.017560 seconds
Number of updated asset objects reloaded before import = 0
Number of asset objects unloaded after import = 3
========================================================================
Received Prepare
Caller must complete domain reload
Begin MonoManager ReloadAssembly
- Loaded All Assemblies, in  1.090 seconds
Native extension for WindowsStandalone target not found
Mono: successfully reloaded assembly
- Finished resetting the current domain, in  3.679 seconds
Domain Reload Profiling: 4759ms
	BeginReloadAssembly (337ms)
		ExecutionOrderSort (0ms)
		DisableScriptedObjects (24ms)
		BackupInstance (0ms)
		ReleaseScriptingObjects (0ms)
		CreateAndSetChildDomain (66ms)
	RebuildCommonClasses (79ms)
	RebuildNativeTypeToScriptingClass (22ms)
	initialDomainReloadingComplete (60ms)
	LoadAllAssembliesAndSetupDomain (581ms)
		LoadAssemblies (750ms)
		RebuildTransferFunctionScriptingTraits (0ms)
		AnalyzeDomain (27ms)
			TypeCache.Refresh (8ms)
				TypeCache.ScanAssembly (0ms)
			ScanForSourceGeneratedMonoScriptInfo (0ms)
			ResolveRequiredComponents (18ms)
	FinalizeReload (3680ms)
		ReleaseScriptCaches (0ms)
		RebuildScriptCaches (0ms)
		SetupLoadedEditorAssemblies (1284ms)
			LogAssemblyErrors (0ms)
			InitializePlatformSupportModulesInManaged (13ms)
			SetLoadedEditorAssemblies (10ms)
			RefreshPlugins (0ms)
			BeforeProcessingInitializeOnLoad (307ms)
			ProcessInitializeOnLoadAttributes (789ms)
			ProcessInitializeOnLoadMethodAttributes (159ms)
			AfterProcessingInitializeOnLoad (5ms)
			EditorAssembliesLoaded (0ms)
		ExecutionOrderSort2 (0ms)
		AwakeInstancesAfterBackupRestoration (29ms)
Shader Hidden/ProbeVolume/VoxelizeScene is not supported: GPU does not support conservative rasterization
Shader Hidden/ProbeVolume/VoxelizeScene is not supported: GPU does not support conservative rasterization
Refreshing native plugins compatible for Editor in 21.28 ms, found 4 plugins.
Preloading 0 native plugins for Editor in 0.00 ms.
Unloading 5531 Unused Serialized files (Serialized files now loaded: 0)
Unloading 62 unused Assets / (3.6 MB). Loaded Objects now: 6100.
Memory consumption went from 202.8 MB to 199.2 MB.
Total: 7.635000 ms (FindLiveObjects: 0.620200 ms CreateObjectMapping: 0.397300 ms MarkObjects: 4.003100 ms  DeleteObjects: 2.612800 ms)

Prepare: number of updated asset objects reloaded= 0
AssetImportParameters requested are different than current active one (requested -> active):
  custom:container-demuxer-ogg: 62fdf1f143b41e24485cea50d1cbac27 -> 
  custom:video-codec-MediaFoundation-h265: 746d11721c4dcdbdad8f713fa42b33f4 -> 
  custom:video-decoder-ogg-theora: a1e56fd34408186e4bbccfd4996cb3dc -> 
  custom:framework-win-MediaFoundation: 216162199b28c13a410421893ffa2e32 -> 
  custom:CustomObjectIndexerAttribute: 72b91833f83ae208fae7752999fa3104 -> 
  custom:container-demuxer-webm: 4f35f7cbe854078d1ac9338744f61a02 -> 
  custom:container-muxer-webm: aa71ff27fc2769a1b78a27578f13a17b -> 
  custom:video-decoder-webm-vp8: 9c59270c3fd7afecdb556c50c9e8de78 -> 
  custom:SearchIndexIgnoredProperties: e643bd26f0fe6173181afceb89e7c659 -> 
  custom:AudioImporter_EditorPlatform: d09bf68614088b80899f8185d706f6e7 -> 
  custom:video-encoder-webm-vp8: eb34c28f22e8b96e1ab97ce403110664 -> 
  custom:audio-decoder-ogg-vorbis: bf7c407c2cedff20999df2af8eb42d56 -> 
  custom:audio-encoder-webm-vorbis: bf7c407c2cedff20999df2af8eb42d56 -> 
========================================================================
Received Import Request.
  Time since last request: 332.402766 seconds.
  path: Assets/Immagini/Oggetti/torcia
  artifactKey: Guid(24356de648dc37542a9d0a59a61ef9f4) Importer(815301076,1909f56bfc062723c751e8b465ee728b)
Start importing Assets/Immagini/Oggetti/torcia using Guid(24356de648dc37542a9d0a59a61ef9f4) Importer(815301076,1909f56bfc062723c751e8b465ee728b) [PhysX] Initialized MultithreadedTaskDispatcher with 8 workers.
 -> (artifact id: '0fb97169fe12c6bd9a56a15be203b96e') in 0.002865 seconds
Number of updated asset objects reloaded before import = 0
Number of asset objects unloaded after import = 0
========================================================================
Received Import Request.
  Time since last request: 10.875935 seconds.
  path: Assets/Immagini/Oggetti/torcia/torch00.png
  artifactKey: Guid(c66a2ea838138f0459ffe1193c8307b6) Importer(815301076,1909f56bfc062723c751e8b465ee728b)
Start importing Assets/Immagini/Oggetti/torcia/torch00.png using Guid(c66a2ea838138f0459ffe1193c8307b6) Importer(815301076,1909f56bfc062723c751e8b465ee728b) [PhysX] Initialized MultithreadedTaskDispatcher with 8 workers.
[PhysX] Initialized MultithreadedTaskDispatcher with 8 workers.
 -> (artifact id: '84cbd842416bf675bc163c4afb027860') in 0.106530 seconds
Number of updated asset objects reloaded before import = 0
Number of asset objects unloaded after import = 3
========================================================================
Received Import Request.
  Time since last request: 9.395899 seconds.
  path: Assets/Immagini/Oggetti/torcia/torch00.png
  artifactKey: Guid(c66a2ea838138f0459ffe1193c8307b6) Importer(815301076,1909f56bfc062723c751e8b465ee728b)
Start importing Assets/Immagini/Oggetti/torcia/torch00.png using Guid(c66a2ea838138f0459ffe1193c8307b6) Importer(815301076,1909f56bfc062723c751e8b465ee728b) [PhysX] Initialized MultithreadedTaskDispatcher with 8 workers.
[PhysX] Initialized MultithreadedTaskDispatcher with 8 workers.
 -> (artifact id: 'b82105f04c107501916885cb858903a7') in 0.013754 seconds
Number of updated asset objects reloaded before import = 0
Number of asset objects unloaded after import = 3
========================================================================
Received Import Request.
  Time since last request: 77.313384 seconds.
  path: Assets/Animazioni/torcia
  artifactKey: Guid(4e667846f655b2e40aaa196a521f9e32) Importer(815301076,1909f56bfc062723c751e8b465ee728b)
Start importing Assets/Animazioni/torcia using Guid(4e667846f655b2e40aaa196a521f9e32) Importer(815301076,1909f56bfc062723c751e8b465ee728b) [PhysX] Initialized MultithreadedTaskDispatcher with 8 workers.
 -> (artifact id: '3247156f0d1540d527f99b5d4084dfeb') in 0.001153 seconds
Number of updated asset objects reloaded before import = 0
Number of asset objects unloaded after import = 0
========================================================================
Received Import Request.
  Time since last request: 23.222831 seconds.
  path: Assets/Animazioni/torcia/torch01.png
  artifactKey: Guid(34d233d4e1aa2b846b4e58d6015573be) Importer(815301076,1909f56bfc062723c751e8b465ee728b)
Start importing Assets/Animazioni/torcia/torch01.png using Guid(34d233d4e1aa2b846b4e58d6015573be) Importer(815301076,1909f56bfc062723c751e8b465ee728b) [PhysX] Initialized MultithreadedTaskDispatcher with 8 workers.
[PhysX] Initialized MultithreadedTaskDispatcher with 8 workers.
 -> (artifact id: '9e56988004ba63ce682967db891bad0c') in 0.020185 seconds
Number of updated asset objects reloaded before import = 0
Number of asset objects unloaded after import = 3
========================================================================
Received Import Request.
  Time since last request: 0.000039 seconds.
  path: Assets/Animazioni/torcia/torch04.png
  artifactKey: Guid(3d6e2eae0b9ab8a478904f1a8e51fe7b) Importer(815301076,1909f56bfc062723c751e8b465ee728b)
Start importing Assets/Animazioni/torcia/torch04.png using Guid(3d6e2eae0b9ab8a478904f1a8e51fe7b) Importer(815301076,1909f56bfc062723c751e8b465ee728b) [PhysX] Initialized MultithreadedTaskDispatcher with 8 workers.
[PhysX] Initialized MultithreadedTaskDispatcher with 8 workers.
 -> (artifact id: 'e3f22899c0694981e318be5548932a15') in 0.018748 seconds
Number of updated asset objects reloaded before import = 0
Number of asset objects unloaded after import = 3
========================================================================
Received Import Request.
  Time since last request: 0.000043 seconds.
  path: Assets/Animazioni/torcia/torch05.png
  artifactKey: Guid(efee1e7dab6dcf6419de915cf83d62f4) Importer(815301076,1909f56bfc062723c751e8b465ee728b)
Start importing Assets/Animazioni/torcia/torch05.png using Guid(efee1e7dab6dcf6419de915cf83d62f4) Importer(815301076,1909f56bfc062723c751e8b465ee728b) [PhysX] Initialized MultithreadedTaskDispatcher with 8 workers.
[PhysX] Initialized MultithreadedTaskDispatcher with 8 workers.
 -> (artifact id: 'c8ff91294e0c0f518d78c0b806e711d5') in 0.022553 seconds
Number of updated asset objects reloaded before import = 0
Number of asset objects unloaded after import = 3
========================================================================
Received Import Request.
  Time since last request: 0.000030 seconds.
  path: Assets/Animazioni/torcia/torch06.png
  artifactKey: Guid(7b8f17c8ea3ad6740bbb55760a3f8575) Importer(815301076,1909f56bfc062723c751e8b465ee728b)
Start importing Assets/Animazioni/torcia/torch06.png using Guid(7b8f17c8ea3ad6740bbb55760a3f8575) Importer(815301076,1909f56bfc062723c751e8b465ee728b) [PhysX] Initialized MultithreadedTaskDispatcher with 8 workers.
[PhysX] Initialized MultithreadedTaskDispatcher with 8 workers.
 -> (artifact id: '968a2c88bb91267d3cd854051c6c2f39') in 0.016993 seconds
Number of updated asset objects reloaded before import = 0
Number of asset objects unloaded after import = 3
========================================================================
Received Import Request.
  Time since last request: 0.000042 seconds.
  path: Assets/Animazioni/torcia/torch03.png
  artifactKey: Guid(c7c5b5974621701488eb925ebaf08d5f) Importer(815301076,1909f56bfc062723c751e8b465ee728b)
Start importing Assets/Animazioni/torcia/torch03.png using Guid(c7c5b5974621701488eb925ebaf08d5f) Importer(815301076,1909f56bfc062723c751e8b465ee728b) [PhysX] Initialized MultithreadedTaskDispatcher with 8 workers.
[PhysX] Initialized MultithreadedTaskDispatcher with 8 workers.
 -> (artifact id: '7a7f63a66ada0a1a2055d7fc2b0b795c') in 0.018860 seconds
Number of updated asset objects reloaded before import = 0
Number of asset objects unloaded after import = 3
========================================================================
Received Import Request.
  Time since last request: 11.543567 seconds.
  path: Assets/Animazioni/torcia/torch02.png
  artifactKey: Guid(ca6d0bc4d4dd92742b70b3f047b0a610) Importer(815301076,1909f56bfc062723c751e8b465ee728b)
Start importing Assets/Animazioni/torcia/torch02.png using Guid(ca6d0bc4d4dd92742b70b3f047b0a610) Importer(815301076,1909f56bfc062723c751e8b465ee728b) [PhysX] Initialized MultithreadedTaskDispatcher with 8 workers.
[PhysX] Initialized MultithreadedTaskDispatcher with 8 workers.
 -> (artifact id: '8f97d2f3b641b46a49ccfae3ea7e5155') in 0.016741 seconds
Number of updated asset objects reloaded before import = 0
Number of asset objects unloaded after import = 3
========================================================================
Received Import Request.
  Time since last request: 0.027445 seconds.
  path: Assets/Animazioni/torcia/torch01.png
  artifactKey: Guid(34d233d4e1aa2b846b4e58d6015573be) Importer(815301076,1909f56bfc062723c751e8b465ee728b)
Start importing Assets/Animazioni/torcia/torch01.png using Guid(34d233d4e1aa2b846b4e58d6015573be) Importer(815301076,1909f56bfc062723c751e8b465ee728b) [PhysX] Initialized MultithreadedTaskDispatcher with 8 workers.
[PhysX] Initialized MultithreadedTaskDispatcher with 8 workers.
 -> (artifact id: '4aeeaaaec542835f47b11b4b1322fb9d') in 0.018906 seconds
Number of updated asset objects reloaded before import = 0
Number of asset objects unloaded after import = 3
========================================================================
Received Import Request.
  Time since last request: 0.000039 seconds.
  path: Assets/Animazioni/torcia/torch04.png
  artifactKey: Guid(3d6e2eae0b9ab8a478904f1a8e51fe7b) Importer(815301076,1909f56bfc062723c751e8b465ee728b)
Start importing Assets/Animazioni/torcia/torch04.png using Guid(3d6e2eae0b9ab8a478904f1a8e51fe7b) Importer(815301076,1909f56bfc062723c751e8b465ee728b) [PhysX] Initialized MultithreadedTaskDispatcher with 8 workers.
[PhysX] Initialized MultithreadedTaskDispatcher with 8 workers.
 -> (artifact id: 'f1c4840f5c48878b748d8503998c6b07') in 0.020877 seconds
Number of updated asset objects reloaded before import = 0
Number of asset objects unloaded after import = 3
========================================================================
Received Import Request.
  Time since last request: 0.000039 seconds.
  path: Assets/Animazioni/torcia/torch06.png
  artifactKey: Guid(7b8f17c8ea3ad6740bbb55760a3f8575) Importer(815301076,1909f56bfc062723c751e8b465ee728b)
Start importing Assets/Animazioni/torcia/torch06.png using Guid(7b8f17c8ea3ad6740bbb55760a3f8575) Importer(815301076,1909f56bfc062723c751e8b465ee728b) [PhysX] Initialized MultithreadedTaskDispatcher with 8 workers.
[PhysX] Initialized MultithreadedTaskDispatcher with 8 workers.
 -> (artifact id: '37b7ca16d53469d329dd7d6f11e17149') in 0.016623 seconds
Number of updated asset objects reloaded before import = 0
Number of asset objects unloaded after import = 3
========================================================================
Received Prepare
Caller must complete domain reload
Begin MonoManager ReloadAssembly
- Loaded All Assemblies, in  1.194 seconds
Native extension for WindowsStandalone target not found
Mono: successfully reloaded assembly
- Finished resetting the current domain, in  4.035 seconds
Domain Reload Profiling: 5220ms
	BeginReloadAssembly (365ms)
		ExecutionOrderSort (0ms)
		DisableScriptedObjects (30ms)
		BackupInstance (0ms)
		ReleaseScriptingObjects (0ms)
		CreateAndSetChildDomain (65ms)
	RebuildCommonClasses (74ms)
	RebuildNativeTypeToScriptingClass (24ms)
	initialDomainReloadingComplete (60ms)
	LoadAllAssembliesAndSetupDomain (661ms)
		LoadAssemblies (839ms)
		RebuildTransferFunctionScriptingTraits (0ms)
		AnalyzeDomain (38ms)
			TypeCache.Refresh (11ms)
				TypeCache.ScanAssembly (0ms)
			ScanForSourceGeneratedMonoScriptInfo (0ms)
			ResolveRequiredComponents (25ms)
	FinalizeReload (4037ms)
		ReleaseScriptCaches (0ms)
		RebuildScriptCaches (0ms)
		SetupLoadedEditorAssemblies (1452ms)
			LogAssemblyErrors (0ms)
			InitializePlatformSupportModulesInManaged (13ms)
			SetLoadedEditorAssemblies (11ms)
			RefreshPlugins (0ms)
			BeforeProcessingInitializeOnLoad (320ms)
			ProcessInitializeOnLoadAttributes (902ms)
			ProcessInitializeOnLoadMethodAttributes (199ms)
			AfterProcessingInitializeOnLoad (6ms)
			EditorAssembliesLoaded (1ms)
		ExecutionOrderSort2 (0ms)
		AwakeInstancesAfterBackupRestoration (32ms)
Shader Hidden/ProbeVolume/VoxelizeScene is not supported: GPU does not support conservative rasterization
Shader Hidden/ProbeVolume/VoxelizeScene is not supported: GPU does not support conservative rasterization
Refreshing native plugins compatible for Editor in 20.94 ms, found 4 plugins.
Preloading 0 native plugins for Editor in 0.00 ms.
Unloading 5531 Unused Serialized files (Serialized files now loaded: 0)
Unloading 62 unused Assets / (3.5 MB). Loaded Objects now: 6107.
Memory consumption went from 202.8 MB to 199.3 MB.
Total: 8.305100 ms (FindLiveObjects: 0.612400 ms CreateObjectMapping: 0.437600 ms MarkObjects: 4.638200 ms  DeleteObjects: 2.615400 ms)

Prepare: number of updated asset objects reloaded= 0
AssetImportParameters requested are different than current active one (requested -> active):
  custom:container-demuxer-ogg: 62fdf1f143b41e24485cea50d1cbac27 -> 
  custom:video-codec-MediaFoundation-h265: 746d11721c4dcdbdad8f713fa42b33f4 -> 
  custom:video-decoder-ogg-theora: a1e56fd34408186e4bbccfd4996cb3dc -> 
  custom:framework-win-MediaFoundation: 216162199b28c13a410421893ffa2e32 -> 
  custom:CustomObjectIndexerAttribute: 72b91833f83ae208fae7752999fa3104 -> 
  custom:container-demuxer-webm: 4f35f7cbe854078d1ac9338744f61a02 -> 
  custom:container-muxer-webm: aa71ff27fc2769a1b78a27578f13a17b -> 
  custom:video-decoder-webm-vp8: 9c59270c3fd7afecdb556c50c9e8de78 -> 
  custom:SearchIndexIgnoredProperties: e643bd26f0fe6173181afceb89e7c659 -> 
  custom:AudioImporter_EditorPlatform: d09bf68614088b80899f8185d706f6e7 -> 
  custom:video-encoder-webm-vp8: eb34c28f22e8b96e1ab97ce403110664 -> 
  custom:audio-decoder-ogg-vorbis: bf7c407c2cedff20999df2af8eb42d56 -> 
  custom:audio-encoder-webm-vorbis: bf7c407c2cedff20999df2af8eb42d56 -> 
========================================================================
Received Import Request.
  Time since last request: 377.926031 seconds.
  path: Assets/Immagini/Oggetti/Pavimento/scenery.png
  artifactKey: Guid(09cdae832e646fb4daec50478c245ff2) Importer(815301076,1909f56bfc062723c751e8b465ee728b)
Start importing Assets/Immagini/Oggetti/Pavimento/scenery.png using Guid(09cdae832e646fb4daec50478c245ff2) Importer(815301076,1909f56bfc062723c751e8b465ee728b) [PhysX] Initialized MultithreadedTaskDispatcher with 8 workers.
[PhysX] Initialized MultithreadedTaskDispatcher with 8 workers.
 -> (artifact id: '364217a7667189f1c90b28ee340b9df8') in 0.117544 seconds
Number of updated asset objects reloaded before import = 0
Number of asset objects unloaded after import = 3
========================================================================
Received Import Request.
  Time since last request: 107.412368 seconds.
  path: Assets/Immagini/Oggetti/Pavimento/cliffside.png
  artifactKey: Guid(d7ceeb1709290604b80d27a37e400acc) Importer(815301076,1909f56bfc062723c751e8b465ee728b)
Start importing Assets/Immagini/Oggetti/Pavimento/cliffside.png using Guid(d7ceeb1709290604b80d27a37e400acc) Importer(815301076,1909f56bfc062723c751e8b465ee728b) [PhysX] Initialized MultithreadedTaskDispatcher with 8 workers.
[PhysX] Initialized MultithreadedTaskDispatcher with 8 workers.
 -> (artifact id: 'b2866e4330241587991c513a9c889bb6') in 0.019703 seconds
Number of updated asset objects reloaded before import = 0
Number of asset objects unloaded after import = 3
========================================================================
Received Import Request.
  Time since last request: 175.270116 seconds.
  path: Assets/Immagini/Oggetti/Pavimento/stone.png
  artifactKey: Guid(987560a8ed1ef6e469827f0c755a729b) Importer(815301076,1909f56bfc062723c751e8b465ee728b)
Start importing Assets/Immagini/Oggetti/Pavimento/stone.png using Guid(987560a8ed1ef6e469827f0c755a729b) Importer(815301076,1909f56bfc062723c751e8b465ee728b) [PhysX] Initialized MultithreadedTaskDispatcher with 8 workers.
[PhysX] Initialized MultithreadedTaskDispatcher with 8 workers.
 -> (artifact id: '9ffc8e7dbc48583d9c07173c572afea3') in 0.019161 seconds
Number of updated asset objects reloaded before import = 0
Number of asset objects unloaded after import = 3
========================================================================
Received Import Request.
  Time since last request: 134.348026 seconds.
  path: Assets/Immagini/Oggetti/Pavimento/reflection.png
  artifactKey: Guid(9d26c5282602438469980986b5690c4f) Importer(815301076,1909f56bfc062723c751e8b465ee728b)
Start importing Assets/Immagini/Oggetti/Pavimento/reflection.png using Guid(9d26c5282602438469980986b5690c4f) Importer(815301076,1909f56bfc062723c751e8b465ee728b) [PhysX] Initialized MultithreadedTaskDispatcher with 8 workers.
[PhysX] Initialized MultithreadedTaskDispatcher with 8 workers.
 -> (artifact id: '7c43ec2d622b92cc6d8d661447b866e9') in 0.021548 seconds
Number of updated asset objects reloaded before import = 0
Number of asset objects unloaded after import = 3
========================================================================
Received Import Request.
  Time since last request: 18.620412 seconds.
  path: Assets/Immagini/Oggetti/Pavimento/grass.png
  artifactKey: Guid(aa4251efeec0f5e43908827c7000c356) Importer(815301076,1909f56bfc062723c751e8b465ee728b)
Start importing Assets/Immagini/Oggetti/Pavimento/grass.png using Guid(aa4251efeec0f5e43908827c7000c356) Importer(815301076,1909f56bfc062723c751e8b465ee728b) [PhysX] Initialized MultithreadedTaskDispatcher with 8 workers.
[PhysX] Initialized MultithreadedTaskDispatcher with 8 workers.
 -> (artifact id: '8a0d25ddab5c51697cd6885dda7206f9') in 0.021470 seconds
Number of updated asset objects reloaded before import = 0
Number of asset objects unloaded after import = 3
========================================================================
Received Import Request.
  Time since last request: 183.109818 seconds.
  path: Assets/Immagini/Oggetti/Pavimento/cliffside.png
  artifactKey: Guid(d7ceeb1709290604b80d27a37e400acc) Importer(815301076,1909f56bfc062723c751e8b465ee728b)
Start importing Assets/Immagini/Oggetti/Pavimento/cliffside.png using Guid(d7ceeb1709290604b80d27a37e400acc) Importer(815301076,1909f56bfc062723c751e8b465ee728b) [PhysX] Initialized MultithreadedTaskDispatcher with 8 workers.
[PhysX] Initialized MultithreadedTaskDispatcher with 8 workers.
 -> (artifact id: '80df773eb99a52b01080204b50764774') in 0.015627 seconds
Number of updated asset objects reloaded before import = 0
Number of asset objects unloaded after import = 2
========================================================================
Received Import Request.
  Time since last request: 17.542139 seconds.
  path: Assets/Immagini/Oggetti/Pavimento/grass.png
  artifactKey: Guid(aa4251efeec0f5e43908827c7000c356) Importer(815301076,1909f56bfc062723c751e8b465ee728b)
Start importing Assets/Immagini/Oggetti/Pavimento/grass.png using Guid(aa4251efeec0f5e43908827c7000c356) Importer(815301076,1909f56bfc062723c751e8b465ee728b) [PhysX] Initialized MultithreadedTaskDispatcher with 8 workers.
[PhysX] Initialized MultithreadedTaskDispatcher with 8 workers.
 -> (artifact id: 'a17d0c4b382ccb2e4654943811b7c286') in 0.015734 seconds
Number of updated asset objects reloaded before import = 0
Number of asset objects unloaded after import = 2
========================================================================
Received Import Request.
  Time since last request: 11.113836 seconds.
  path: Assets/Immagini/Oggetti/Pavimento/reflection.png
  artifactKey: Guid(9d26c5282602438469980986b5690c4f) Importer(815301076,1909f56bfc062723c751e8b465ee728b)
Start importing Assets/Immagini/Oggetti/Pavimento/reflection.png using Guid(9d26c5282602438469980986b5690c4f) Importer(815301076,1909f56bfc062723c751e8b465ee728b) [PhysX] Initialized MultithreadedTaskDispatcher with 8 workers.
[PhysX] Initialized MultithreadedTaskDispatcher with 8 workers.
 -> (artifact id: '7f6cbb203dbf4c03aa5a3905bf367a1a') in 0.012453 seconds
Number of updated asset objects reloaded before import = 0
Number of asset objects unloaded after import = 2
========================================================================
Received Import Request.
  Time since last request: 11.187420 seconds.
  path: Assets/Immagini/Oggetti/Pavimento/stone.png
  artifactKey: Guid(987560a8ed1ef6e469827f0c755a729b) Importer(815301076,1909f56bfc062723c751e8b465ee728b)
Start importing Assets/Immagini/Oggetti/Pavimento/stone.png using Guid(987560a8ed1ef6e469827f0c755a729b) Importer(815301076,1909f56bfc062723c751e8b465ee728b) [PhysX] Initialized MultithreadedTaskDispatcher with 8 workers.
[PhysX] Initialized MultithreadedTaskDispatcher with 8 workers.
 -> (artifact id: 'f151dbcf17ed149fee79dd81387226b2') in 0.014955 seconds
Number of updated asset objects reloaded before import = 0
Number of asset objects unloaded after import = 2
========================================================================
Received Import Request.
  Time since last request: 12.000666 seconds.
  path: Assets/Immagini/Oggetti/Pavimento/scenery.png
  artifactKey: Guid(09cdae832e646fb4daec50478c245ff2) Importer(815301076,1909f56bfc062723c751e8b465ee728b)
Start importing Assets/Immagini/Oggetti/Pavimento/scenery.png using Guid(09cdae832e646fb4daec50478c245ff2) Importer(815301076,1909f56bfc062723c751e8b465ee728b) [PhysX] Initialized MultithreadedTaskDispatcher with 8 workers.
[PhysX] Initialized MultithreadedTaskDispatcher with 8 workers.
 -> (artifact id: '418ab9637dbecafb42a5dbecf4689682') in 0.014262 seconds
Number of updated asset objects reloaded before import = 0
Number of asset objects unloaded after import = 2
========================================================================
Received Import Request.
  Time since last request: 119.782828 seconds.
  path: Assets/Immagini/Oggetti/Pavimento/cliffside.png
  artifactKey: Guid(d7ceeb1709290604b80d27a37e400acc) Importer(815301076,1909f56bfc062723c751e8b465ee728b)
Start importing Assets/Immagini/Oggetti/Pavimento/cliffside.png using Guid(d7ceeb1709290604b80d27a37e400acc) Importer(815301076,1909f56bfc062723c751e8b465ee728b) [PhysX] Initialized MultithreadedTaskDispatcher with 8 workers.
[PhysX] Initialized MultithreadedTaskDispatcher with 8 workers.
 -> (artifact id: 'eaa49a53bba09d50abb447527cb2fcfb') in 0.276939 seconds
Number of updated asset objects reloaded before import = 0
Number of asset objects unloaded after import = 92
========================================================================
Received Import Request.
  Time since last request: 18.406097 seconds.
  path: Assets/Immagini/Oggetti/Pavimento/grass.png
  artifactKey: Guid(aa4251efeec0f5e43908827c7000c356) Importer(815301076,1909f56bfc062723c751e8b465ee728b)
Start importing Assets/Immagini/Oggetti/Pavimento/grass.png using Guid(aa4251efeec0f5e43908827c7000c356) Importer(815301076,1909f56bfc062723c751e8b465ee728b) [PhysX] Initialized MultithreadedTaskDispatcher with 8 workers.
[PhysX] Initialized MultithreadedTaskDispatcher with 8 workers.
 -> (artifact id: 'f52f7a10af7e1abfac478818033eb4c5') in 0.264926 seconds
Number of updated asset objects reloaded before import = 0
Number of asset objects unloaded after import = 92
========================================================================
Received Import Request.
  Time since last request: 14.191952 seconds.
  path: Assets/Immagini/Oggetti/Pavimento/reflection.png
  artifactKey: Guid(9d26c5282602438469980986b5690c4f) Importer(815301076,1909f56bfc062723c751e8b465ee728b)
Start importing Assets/Immagini/Oggetti/Pavimento/reflection.png using Guid(9d26c5282602438469980986b5690c4f) Importer(815301076,1909f56bfc062723c751e8b465ee728b) [PhysX] Initialized MultithreadedTaskDispatcher with 8 workers.
[PhysX] Initialized MultithreadedTaskDispatcher with 8 workers.
 -> (artifact id: 'b6a403e47c96fe03b9ced5e38b901c92') in 0.271775 seconds
Number of updated asset objects reloaded before import = 0
Number of asset objects unloaded after import = 92
========================================================================
Received Import Request.
  Time since last request: 16.503358 seconds.
  path: Assets/Immagini/Oggetti/Pavimento/stone.png
  artifactKey: Guid(987560a8ed1ef6e469827f0c755a729b) Importer(815301076,1909f56bfc062723c751e8b465ee728b)
Start importing Assets/Immagini/Oggetti/Pavimento/stone.png using Guid(987560a8ed1ef6e469827f0c755a729b) Importer(815301076,1909f56bfc062723c751e8b465ee728b) [PhysX] Initialized MultithreadedTaskDispatcher with 8 workers.
[PhysX] Initialized MultithreadedTaskDispatcher with 8 workers.
 -> (artifact id: '4b39400e958af5c550492f377a9b7d59') in 0.279714 seconds
Number of updated asset objects reloaded before import = 0
Number of asset objects unloaded after import = 92
========================================================================
Received Import Request.
  Time since last request: 19.740516 seconds.
  path: Assets/Immagini/Oggetti/Pavimento/scenery.png
  artifactKey: Guid(09cdae832e646fb4daec50478c245ff2) Importer(815301076,1909f56bfc062723c751e8b465ee728b)
Start importing Assets/Immagini/Oggetti/Pavimento/scenery.png using Guid(09cdae832e646fb4daec50478c245ff2) Importer(815301076,1909f56bfc062723c751e8b465ee728b) [PhysX] Initialized MultithreadedTaskDispatcher with 8 workers.
[PhysX] Initialized MultithreadedTaskDispatcher with 8 workers.
 -> (artifact id: 'f2892be54f81064a0f9dc7d42808cd16') in 0.516118 seconds
Number of updated asset objects reloaded before import = 0
Number of asset objects unloaded after import = 182
========================================================================
Received Import Request.
  Time since last request: 348.344016 seconds.
  path: Assets/Immagini/Oggetti/Pavimento/cliffside.png
  artifactKey: Guid(d7ceeb1709290604b80d27a37e400acc) Importer(815301076,1909f56bfc062723c751e8b465ee728b)
Start importing Assets/Immagini/Oggetti/Pavimento/cliffside.png using Guid(d7ceeb1709290604b80d27a37e400acc) Importer(815301076,1909f56bfc062723c751e8b465ee728b) [PhysX] Initialized MultithreadedTaskDispatcher with 8 workers.
[PhysX] Initialized MultithreadedTaskDispatcher with 8 workers.
 -> (artifact id: 'bfe90cb64a5c6ee5a6321748eaeb068d') in 0.287178 seconds
Number of updated asset objects reloaded before import = 0
Number of asset objects unloaded after import = 92
========================================================================
Received Import Request.
  Time since last request: 3.207102 seconds.
  path: Assets/Immagini/Oggetti/Pavimento/grass.png
  artifactKey: Guid(aa4251efeec0f5e43908827c7000c356) Importer(815301076,1909f56bfc062723c751e8b465ee728b)
Start importing Assets/Immagini/Oggetti/Pavimento/grass.png using Guid(aa4251efeec0f5e43908827c7000c356) Importer(815301076,1909f56bfc062723c751e8b465ee728b) [PhysX] Initialized MultithreadedTaskDispatcher with 8 workers.
[PhysX] Initialized MultithreadedTaskDispatcher with 8 workers.
 -> (artifact id: '06d1caf8206666566b289f516d2eff75') in 0.348838 seconds
Number of updated asset objects reloaded before import = 0
Number of asset objects unloaded after import = 92
========================================================================
Received Import Request.
  Time since last request: 2.960261 seconds.
  path: Assets/Immagini/Oggetti/Pavimento/reflection.png
  artifactKey: Guid(9d26c5282602438469980986b5690c4f) Importer(815301076,1909f56bfc062723c751e8b465ee728b)
Start importing Assets/Immagini/Oggetti/Pavimento/reflection.png using Guid(9d26c5282602438469980986b5690c4f) Importer(815301076,1909f56bfc062723c751e8b465ee728b) [PhysX] Initialized MultithreadedTaskDispatcher with 8 workers.
[PhysX] Initialized MultithreadedTaskDispatcher with 8 workers.
 -> (artifact id: '858683f0dcf836b49148770385803ee2') in 0.289354 seconds
Number of updated asset objects reloaded before import = 0
Number of asset objects unloaded after import = 92
========================================================================
Received Import Request.
  Time since last request: 4.010212 seconds.
  path: Assets/Immagini/Oggetti/Pavimento/stone.png
  artifactKey: Guid(987560a8ed1ef6e469827f0c755a729b) Importer(815301076,1909f56bfc062723c751e8b465ee728b)
Start importing Assets/Immagini/Oggetti/Pavimento/stone.png using Guid(987560a8ed1ef6e469827f0c755a729b) Importer(815301076,1909f56bfc062723c751e8b465ee728b) [PhysX] Initialized MultithreadedTaskDispatcher with 8 workers.
[PhysX] Initialized MultithreadedTaskDispatcher with 8 workers.
 -> (artifact id: '9396feb633405dcce5b6cb40c10251c9') in 0.305157 seconds
Number of updated asset objects reloaded before import = 0
Number of asset objects unloaded after import = 92
========================================================================
Received Import Request.
  Time since last request: 4.205385 seconds.
  path: Assets/Immagini/Oggetti/Pavimento/scenery.png
  artifactKey: Guid(09cdae832e646fb4daec50478c245ff2) Importer(815301076,1909f56bfc062723c751e8b465ee728b)
Start importing Assets/Immagini/Oggetti/Pavimento/scenery.png using Guid(09cdae832e646fb4daec50478c245ff2) Importer(815301076,1909f56bfc062723c751e8b465ee728b) [PhysX] Initialized MultithreadedTaskDispatcher with 8 workers.
[PhysX] Initialized MultithreadedTaskDispatcher with 8 workers.
 -> (artifact id: '8a386381e603bed11f2a59016736c592') in 0.597892 seconds
Number of updated asset objects reloaded before import = 0
Number of asset objects unloaded after import = 182
========================================================================
Received Prepare
Caller must complete domain reload
Begin MonoManager ReloadAssembly
- Loaded All Assemblies, in  1.263 seconds
Native extension for WindowsStandalone target not found
Mono: successfully reloaded assembly
- Finished resetting the current domain, in  4.167 seconds
Domain Reload Profiling: 5423ms
	BeginReloadAssembly (379ms)
		ExecutionOrderSort (0ms)
		DisableScriptedObjects (25ms)
		BackupInstance (0ms)
		ReleaseScriptingObjects (0ms)
		CreateAndSetChildDomain (84ms)
	RebuildCommonClasses (69ms)
	RebuildNativeTypeToScriptingClass (26ms)
	initialDomainReloadingComplete (61ms)
	LoadAllAssembliesAndSetupDomain (720ms)
		LoadAssemblies (890ms)
		RebuildTransferFunctionScriptingTraits (0ms)
		AnalyzeDomain (43ms)
			TypeCache.Refresh (11ms)
				TypeCache.ScanAssembly (0ms)
			ScanForSourceGeneratedMonoScriptInfo (0ms)
			ResolveRequiredComponents (30ms)
	FinalizeReload (4168ms)
		ReleaseScriptCaches (0ms)
		RebuildScriptCaches (0ms)
		SetupLoadedEditorAssemblies (1475ms)
			LogAssemblyErrors (0ms)
			InitializePlatformSupportModulesInManaged (20ms)
			SetLoadedEditorAssemblies (17ms)
			RefreshPlugins (0ms)
			BeforeProcessingInitializeOnLoad (348ms)
			ProcessInitializeOnLoadAttributes (927ms)
			ProcessInitializeOnLoadMethodAttributes (157ms)
			AfterProcessingInitializeOnLoad (4ms)
			EditorAssembliesLoaded (1ms)
		ExecutionOrderSort2 (0ms)
		AwakeInstancesAfterBackupRestoration (28ms)
Shader Hidden/ProbeVolume/VoxelizeScene is not supported: GPU does not support conservative rasterization
Shader Hidden/ProbeVolume/VoxelizeScene is not supported: GPU does not support conservative rasterization
Refreshing native plugins compatible for Editor in 18.72 ms, found 4 plugins.
Preloading 0 native plugins for Editor in 0.00 ms.
Unloading 5531 Unused Serialized files (Serialized files now loaded: 0)
Unloading 62 unused Assets / (3.5 MB). Loaded Objects now: 6116.
Memory consumption went from 202.8 MB to 199.3 MB.
Total: 8.846400 ms (FindLiveObjects: 0.585800 ms CreateObjectMapping: 0.831900 ms MarkObjects: 4.781400 ms  DeleteObjects: 2.645400 ms)

Prepare: number of updated asset objects reloaded= 0
AssetImportParameters requested are different than current active one (requested -> active):
  custom:container-demuxer-ogg: 62fdf1f143b41e24485cea50d1cbac27 -> 
  custom:video-codec-MediaFoundation-h265: 746d11721c4dcdbdad8f713fa42b33f4 -> 
  custom:video-decoder-ogg-theora: a1e56fd34408186e4bbccfd4996cb3dc -> 
  custom:framework-win-MediaFoundation: 216162199b28c13a410421893ffa2e32 -> 
  custom:CustomObjectIndexerAttribute: 72b91833f83ae208fae7752999fa3104 -> 
  custom:container-demuxer-webm: 4f35f7cbe854078d1ac9338744f61a02 -> 
  custom:container-muxer-webm: aa71ff27fc2769a1b78a27578f13a17b -> 
  custom:video-decoder-webm-vp8: 9c59270c3fd7afecdb556c50c9e8de78 -> 
  custom:SearchIndexIgnoredProperties: e643bd26f0fe6173181afceb89e7c659 -> 
  custom:AudioImporter_EditorPlatform: d09bf68614088b80899f8185d706f6e7 -> 
  custom:video-encoder-webm-vp8: eb34c28f22e8b96e1ab97ce403110664 -> 
  custom:audio-decoder-ogg-vorbis: bf7c407c2cedff20999df2af8eb42d56 -> 
  custom:audio-encoder-webm-vorbis: bf7c407c2cedff20999df2af8eb42d56 -> 
========================================================================
Received Import Request.
  Time since last request: 1408.480183 seconds.
  path: Assets/Immagini/Oggetti/Pavimento/grass tileset.png
  artifactKey: Guid(12b8eb177f93f6e479702bf9d7b0cfac) Importer(815301076,1909f56bfc062723c751e8b465ee728b)
Start importing Assets/Immagini/Oggetti/Pavimento/grass tileset.png using Guid(12b8eb177f93f6e479702bf9d7b0cfac) Importer(815301076,1909f56bfc062723c751e8b465ee728b) [PhysX] Initialized MultithreadedTaskDispatcher with 8 workers.
[PhysX] Initialized MultithreadedTaskDispatcher with 8 workers.
 -> (artifact id: 'd92254933e7557edd043cb612fe5e3cd') in 0.698274 seconds
Number of updated asset objects reloaded before import = 0
Number of asset objects unloaded after import = 194
========================================================================
Received Import Request.
  Time since last request: 13.779030 seconds.
  path: Assets/Immagini/Oggetti/Pavimento/grass tileset.png
  artifactKey: Guid(12b8eb177f93f6e479702bf9d7b0cfac) Importer(815301076,1909f56bfc062723c751e8b465ee728b)
Start importing Assets/Immagini/Oggetti/Pavimento/grass tileset.png using Guid(12b8eb177f93f6e479702bf9d7b0cfac) Importer(815301076,1909f56bfc062723c751e8b465ee728b) [PhysX] Initialized MultithreadedTaskDispatcher with 8 workers.
[PhysX] Initialized MultithreadedTaskDispatcher with 8 workers.
 -> (artifact id: '5b78a2ebd62d41ab498af0f5af261f85') in 0.576468 seconds
Number of updated asset objects reloaded before import = 0
Number of asset objects unloaded after import = 194
========================================================================
Received Prepare
Caller must complete domain reload
Begin MonoManager ReloadAssembly
- Loaded All Assemblies, in  1.093 seconds
Native extension for WindowsStandalone target not found
Mono: successfully reloaded assembly
- Finished resetting the current domain, in  3.862 seconds
Domain Reload Profiling: 4947ms
	BeginReloadAssembly (345ms)
		ExecutionOrderSort (0ms)
		DisableScriptedObjects (24ms)
		BackupInstance (0ms)
		ReleaseScriptingObjects (0ms)
		CreateAndSetChildDomain (73ms)
	RebuildCommonClasses (58ms)
	RebuildNativeTypeToScriptingClass (18ms)
	initialDomainReloadingComplete (51ms)
	LoadAllAssembliesAndSetupDomain (612ms)
		LoadAssemblies (773ms)
		RebuildTransferFunctionScriptingTraits (0ms)
		AnalyzeDomain (35ms)
			TypeCache.Refresh (8ms)
				TypeCache.ScanAssembly (0ms)
			ScanForSourceGeneratedMonoScriptInfo (0ms)
			ResolveRequiredComponents (26ms)
	FinalizeReload (3863ms)
		ReleaseScriptCaches (0ms)
		RebuildScriptCaches (0ms)
		SetupLoadedEditorAssemblies (1358ms)
			LogAssemblyErrors (0ms)
			InitializePlatformSupportModulesInManaged (13ms)
			SetLoadedEditorAssemblies (14ms)
			RefreshPlugins (0ms)
			BeforeProcessingInitializeOnLoad (360ms)
			ProcessInitializeOnLoadAttributes (798ms)
			ProcessInitializeOnLoadMethodAttributes (168ms)
			AfterProcessingInitializeOnLoad (4ms)
			EditorAssembliesLoaded (0ms)
		ExecutionOrderSort2 (0ms)
		AwakeInstancesAfterBackupRestoration (28ms)
Shader Hidden/ProbeVolume/VoxelizeScene is not supported: GPU does not support conservative rasterization
Shader Hidden/ProbeVolume/VoxelizeScene is not supported: GPU does not support conservative rasterization
Refreshing native plugins compatible for Editor in 20.69 ms, found 4 plugins.
Preloading 0 native plugins for Editor in 0.00 ms.
Unloading 5531 Unused Serialized files (Serialized files now loaded: 0)
Unloading 62 unused Assets / (3.6 MB). Loaded Objects now: 6122.
Memory consumption went from 202.9 MB to 199.4 MB.
Total: 9.923400 ms (FindLiveObjects: 0.623800 ms CreateObjectMapping: 1.213700 ms MarkObjects: 4.573200 ms  DeleteObjects: 3.511000 ms)

Prepare: number of updated asset objects reloaded= 0
AssetImportParameters requested are different than current active one (requested -> active):
  custom:container-demuxer-ogg: 62fdf1f143b41e24485cea50d1cbac27 -> 
  custom:video-codec-MediaFoundation-h265: 746d11721c4dcdbdad8f713fa42b33f4 -> 
  custom:video-decoder-ogg-theora: a1e56fd34408186e4bbccfd4996cb3dc -> 
  custom:framework-win-MediaFoundation: 216162199b28c13a410421893ffa2e32 -> 
  custom:CustomObjectIndexerAttribute: 72b91833f83ae208fae7752999fa3104 -> 
  custom:container-demuxer-webm: 4f35f7cbe854078d1ac9338744f61a02 -> 
  custom:container-muxer-webm: aa71ff27fc2769a1b78a27578f13a17b -> 
  custom:video-decoder-webm-vp8: 9c59270c3fd7afecdb556c50c9e8de78 -> 
  custom:SearchIndexIgnoredProperties: e643bd26f0fe6173181afceb89e7c659 -> 
  custom:AudioImporter_EditorPlatform: d09bf68614088b80899f8185d706f6e7 -> 
  custom:video-encoder-webm-vp8: eb34c28f22e8b96e1ab97ce403110664 -> 
  custom:audio-decoder-ogg-vorbis: bf7c407c2cedff20999df2af8eb42d56 -> 
  custom:audio-encoder-webm-vorbis: bf7c407c2cedff20999df2af8eb42d56 -> 
